{
    "resourceType": "Bundle",
    "type": "batch",
    "timestamp": "1989-08-18T14:41:00+05:30",
    "identifier": {
        "value": "MSG00001"
    },
    "id": "513a3d06-5e87-6fbc-ad1b-170ab430499f",
    "entry": [
        {
            "fullUrl": "urn:uuid:9e909e52-61a1-be50-1878-a12ef8c36346",
            "resource": {
                "resourceType": "Patient",
                "id": "9e909e52-61a1-be50-1878-a12ef8c36346"
            }
        }
    ]
}